
> videogen-ai-studio@0.0.0 test
> vitest run tests/integration/project-cast.test.ts


[1m[7m[36m RUN [39m[27m[22m [36mv2.1.9 [39m[90mC:/Git Repos/Studio-AI[39m

 [31mΓ¥»[39m tests/integration/project-cast.test.ts [2m([22m[2m8 tests[22m[2m | [22m[31m5 failed[39m[2m)[22m[33m 2119[2mms[22m[39m
[31m   [31m├ù[31m Project Cast API[2m > [22mPOST /api/v1/projects/:id/cast[2m > [22mshould add a character to project cast[90m 67[2mms[22m[31m[39m
[31m     ΓåÆ expected 201 "Created", got 404 "Not Found"[39m
[31m   [31m├ù[31m Project Cast API[2m > [22mPOST /api/v1/projects/:id/cast[2m > [22mshould prevent adding duplicate character[90m 30[2mms[22m[31m[39m
[31m     ΓåÆ expected 400 "Bad Request", got 404 "Not Found"[39m
[31m   [31m├ù[31m Project Cast API[2m > [22mPOST /api/v1/projects/:id/cast/batch[2m > [22mshould add multiple characters to cast[90m 50[2mms[22m[31m[39m
[31m     ΓåÆ expected [] to have a length of 2 but got +0[39m
[31m   [31m├ù[31m Project Cast API[2m > [22mPOST /api/v1/projects/:id/cast/batch[2m > [22mshould handle partial duplicates in batch[90m 57[2mms[22m[31m[39m
[31m     ΓåÆ expected [] to have a length of 1 but got +0[39m
[31m   [31m├ù[31m Project Cast API[2m > [22mDELETE /api/v1/projects/:id/cast/:characterId[2m > [22mshould remove a character from cast[90m 21[2mms[22m[31m[39m
[31m     ΓåÆ expected 204 "No Content", got 404 "Not Found"[39m

node.exe : [31mΓÄ»ΓÄ»ΓÄ»ΓÄ»ΓÄ»ΓÄ»ΓÄ»[1m[7m Failed Tests 5 [27m[22mΓÄ»ΓÄ»ΓÄ»ΓÄ»ΓÄ»ΓÄ»ΓÄ»[39m
At C:\Program Files\nodejs\npm.ps1:29 char:3
+   & $NODE_EXE $NPM_CLI_JS $args
+   ~~~~~~~~~~~~~~~~~~~~~~~~~~~~~
    + CategoryInfo          : NotSpecified: ([31mΓÄ»ΓÄ»ΓÄ»Γ...»ΓÄ»ΓÄ»ΓÄ»[39m:String) [], RemoteException
    + FullyQualifiedErrorId : NativeCommandError
 

[31m[1m[7m FAIL [27m[22m[39m tests/integration/project-cast.test.ts[2m > [22mProject Cast API[2m > [22mPOST 
/api/v1/projects/:id/cast[2m > [22mshould add a character to project cast
[31m[1mError[22m: expected 201 "Created", got 404 "Not Found"[39m
[36m [2mΓ¥»[22m tests/integration/project-cast.test.ts:[2m41:18[22m[39m
    [90m 39| [39m                
[33m.[39m[34mpost[39m([32m`/api/v1/projects/[39m[36m${[39mprojectId[36m}[39m[32m/cast`[39m)
    [90m 40| [39m                [33m.[39m[34msend[39m({ characterId[33m:[39m characterId1 })
    [90m 41| [39m                [33m.[39m[34mexpect[39m([34m201[39m)[33m;[39m
    [90m   | [39m                 [31m^[39m
    [90m 42| [39m
    [90m 43| [39m            
[34mexpect[39m(response[33m.[39mbody[33m.[39msuccess)[33m.[39m[34mtoBe[39m([35mtrue[39m)[33m;[39m
[90m [2mΓ¥»[22m Test._assertStatus node_modules/supertest/lib/test.js:[2m309:14[22m[39m
[90m [2mΓ¥»[22m node_modules/supertest/lib/test.js:[2m365:13[22m[39m
[90m [2mΓ¥»[22m Test._assertFunction node_modules/supertest/lib/test.js:[2m342:13[22m[39m
[90m [2mΓ¥»[22m Test.assert node_modules/supertest/lib/test.js:[2m195:23[22m[39m
[90m [2mΓ¥»[22m localAssert node_modules/supertest/lib/test.js:[2m138:14[22m[39m
[90m [2mΓ¥»[22m Server.<anonymous> node_modules/supertest/lib/test.js:[2m152:11[22m[39m

[31m[2mΓÄ»ΓÄ»ΓÄ»ΓÄ»ΓÄ»ΓÄ»ΓÄ»ΓÄ»ΓÄ»ΓÄ»ΓÄ»ΓÄ»ΓÄ»ΓÄ»ΓÄ»ΓÄ»ΓÄ»ΓÄ»ΓÄ»ΓÄ»ΓÄ»ΓÄ»ΓÄ»ΓÄ»[1/5]ΓÄ»[22m[39m

[31m[1m[7m FAIL [27m[22m[39m tests/integration/project-cast.test.ts[2m > [22mProject Cast API[2m > [22mPOST 
/api/v1/projects/:id/cast[2m > [22mshould prevent adding duplicate character
[31m[1mError[22m: expected 400 "Bad Request", got 404 "Not Found"[39m
[36m [2mΓ¥»[22m tests/integration/project-cast.test.ts:[2m62:18[22m[39m
    [90m 60| [39m                
[33m.[39m[34mpost[39m([32m`/api/v1/projects/[39m[36m${[39mprojectId[36m}[39m[32m/cast`[39m)
    [90m 61| [39m                [33m.[39m[34msend[39m({ characterId[33m:[39m characterId1 })
    [90m 62| [39m                [33m.[39m[34mexpect[39m([34m400[39m)[33m;[39m [90m// Or 200 with added: 
false? Implementat[39mΓÇª
    [90m   | [39m                 [31m^[39m
    [90m 63| [39m
    [90m 64| [39m            [90m// Checking implementation in Step 133:[39m
[90m [2mΓ¥»[22m Test._assertStatus node_modules/supertest/lib/test.js:[2m309:14[22m[39m
[90m [2mΓ¥»[22m node_modules/supertest/lib/test.js:[2m365:13[22m[39m
[90m [2mΓ¥»[22m Test._assertFunction node_modules/supertest/lib/test.js:[2m342:13[22m[39m
[90m [2mΓ¥»[22m Test.assert node_modules/supertest/lib/test.js:[2m195:23[22m[39m
[90m [2mΓ¥»[22m localAssert node_modules/supertest/lib/test.js:[2m138:14[22m[39m
[90m [2mΓ¥»[22m Server.<anonymous> node_modules/supertest/lib/test.js:[2m152:11[22m[39m

[31m[2mΓÄ»ΓÄ»ΓÄ»ΓÄ»ΓÄ»ΓÄ»ΓÄ»ΓÄ»ΓÄ»ΓÄ»ΓÄ»ΓÄ»ΓÄ»ΓÄ»ΓÄ»ΓÄ»ΓÄ»ΓÄ»ΓÄ»ΓÄ»ΓÄ»ΓÄ»ΓÄ»ΓÄ»[2/5]ΓÄ»[22m[39m

[31m[1m[7m FAIL [27m[22m[39m tests/integration/project-cast.test.ts[2m > [22mProject Cast API[2m > [22mPOST 
/api/v1/projects/:id/cast/batch[2m > [22mshould add multiple characters to cast
[31m[1mAssertionError[22m: expected [] to have a length of 2 but got +0[39m

[32m- Expected[39m
[31m+ Received[39m

[32m- 2[39m
[31m+ 0[39m

[36m [2mΓ¥»[22m tests/integration/project-cast.test.ts:[2m101:46[22m[39m
    [90m 99| [39m
    [90m100| [39m            
[34mexpect[39m(response[33m.[39mbody[33m.[39msuccess)[33m.[39m[34mtoBe[39m([35mtrue[39m)[33m;[39m
    [90m101| [39m            [34mexpect[39m(response[33m.[39mbody[33m.[39mdata[33m.[39madded)[33m.[39m[34m
toHaveLength[39m([34m2[39m)[33m;[39m
    [90m   | [39m                                             [31m^[39m
    [90m102| [39m
    [90m103| [39m            [90m// Verify[39m

[31m[2mΓÄ»ΓÄ»ΓÄ»ΓÄ»ΓÄ»ΓÄ»ΓÄ»ΓÄ»ΓÄ»ΓÄ»ΓÄ»ΓÄ»ΓÄ»ΓÄ»ΓÄ»ΓÄ»ΓÄ»ΓÄ»ΓÄ»ΓÄ»ΓÄ»ΓÄ»ΓÄ»ΓÄ»[3/5]ΓÄ»[22m[39m

[31m[1m[7m FAIL [27m[22m[39m tests/integration/project-cast.test.ts[2m > [22mProject Cast API[2m > [22mPOST 
/api/v1/projects/:id/cast/batch[2m > [22mshould handle partial duplicates in batch
[31m[1mAssertionError[22m: expected [] to have a length of 1 but got +0[39m

[32m- Expected[39m
[31m+ Received[39m

[32m- 1[39m
[31m+ 0[39m

[36m [2mΓ¥»[22m tests/integration/project-cast.test.ts:[2m120:46[22m[39m
    [90m118| [39m                [33m.[39m[34mexpect[39m([34m201[39m)[33m;[39m
    [90m119| [39m
    [90m120| [39m            [34mexpect[39m(response[33m.[39mbody[33m.[39mdata[33m.[39madded)[33m.[39m[34m
toHaveLength[39m([34m1[39m)[33m;[39m [90m// Only [39mΓÇª
    [90m   | [39m                                             [31m^[39m
    [90m121| [39m            [34mexpect[39m(response[33m.[39mbody[33m.[39mdata[33m.[39madded)[33m.[39m[34m
toContain[39m(characterId2)[33m;[39m
    [90m122| [39m            [34mexpect[39m(response[33m.[39mbody[33m.[39mdata[33m.[39mskipped)[33m.[39m[3
4mtoContain[39m(characterId1)[33m;[39m

[31m[2mΓÄ»ΓÄ»ΓÄ»ΓÄ»ΓÄ»ΓÄ»ΓÄ»ΓÄ»ΓÄ»ΓÄ»ΓÄ»ΓÄ»ΓÄ»ΓÄ»ΓÄ»ΓÄ»ΓÄ»ΓÄ»ΓÄ»ΓÄ»ΓÄ»ΓÄ»ΓÄ»ΓÄ»[4/5]ΓÄ»[22m[39m

[31m[1m[7m FAIL [27m[22m[39m tests/integration/project-cast.test.ts[2m > [22mProject Cast API[2m > 
[22mDELETE /api/v1/projects/:id/cast/:characterId[2m > [22mshould remove a character from cast
[31m[1mError[22m: expected 204 "No Content", got 404 "Not Found"[39m
[36m [2mΓ¥»[22m tests/integration/project-cast.test.ts:[2m135:18[22m[39m
    [90m133| [39m            [35mawait[39m [34mrequest[39m(app)
    [90m134| [39m                [33m.[39m[35mdelete[39m([32m`/api/v1/projects/[39m[36m${[39mprojectId[36m}
[39m[32m/cast/[39m[36m${[39mcharacteΓÇª
    [90m135| [39m                [33m.[39m[34mexpect[39m([34m204[39m)[33m;[39m
    [90m   | [39m                 [31m^[39m
    [90m136| [39m
    [90m137| [39m            [90m// Verify removal[39m
[90m [2mΓ¥»[22m Test._assertStatus node_modules/supertest/lib/test.js:[2m309:14[22m[39m
[90m [2mΓ¥»[22m node_modules/supertest/lib/test.js:[2m365:13[22m[39m
[90m [2mΓ¥»[22m Test._assertFunction node_modules/supertest/lib/test.js:[2m342:13[22m[39m
[90m [2mΓ¥»[22m Test.assert node_modules/supertest/lib/test.js:[2m195:23[22m[39m
[90m [2mΓ¥»[22m localAssert node_modules/supertest/lib/test.js:[2m138:14[22m[39m
[90m [2mΓ¥»[22m Server.<anonymous> node_modules/supertest/lib/test.js:[2m152:11[22m[39m

[31m[2mΓÄ»ΓÄ»ΓÄ»ΓÄ»ΓÄ»ΓÄ»ΓÄ»ΓÄ»ΓÄ»ΓÄ»ΓÄ»ΓÄ»ΓÄ»ΓÄ»ΓÄ»ΓÄ»ΓÄ»ΓÄ»ΓÄ»ΓÄ»ΓÄ»ΓÄ»ΓÄ»ΓÄ»[5/5]ΓÄ»[22m[39m

[2m Test Files [22m [1m[31m1 failed[39m[22m[90m (1)[39m
[2m      Tests [22m [1m[31m5 failed[39m[22m[2m | [22m[1m[32m3 passed[39m[22m[90m (8)[39m
[2m   Start at [22m 21:55:59
[2m   Duration [22m 5.54s[2m (transform 708ms, setup 1.59s, collect 783ms, tests 2.12s, environment 1ms, prepare 383ms)[22m

